// Jest Snapshot v1, https://goo.gl/fbAQLP

exports[`unknown plugin snapshot test: snapshot test 1`] = `

var a = "test";

      ↓ ↓ ↓ ↓ ↓ ↓

const a = "test";


`;
